================================================================================
Testing Decision Engine with New Fields
================================================================================

[TEST 1] Testing TRADE_ALLOWED decision...
Decision: NO_TRADE
Stage: BREAKOUT_CONFIRMATION
.venv\Scripts\python.exe : Traceback (most recent call last):
At line:1 char:1
+ .venv\Scripts\python.exe test_decision_fields.py > test_output.txt 2> ...
+ ~~~~~~~~~~~~~~~~~~~~~~~~~~~~~~~~~~~~~~~~~~~~~~~~~~~~~~~~~~~~~~~~~~~~~
    + CategoryInfo          : NotSpecified: (Traceback (most recent call last)::String) [], RemoteException
    + FullyQualifiedErrorId : NativeCommandError
 
  File "C:\Users\mutaf\TRADING\test_decision_fields.py", line 74, in <module>
    print(f"\n\u2705 FINAL DECISION STATE:")
    ~~~~~^^^^^^^^^^^^^^^^^^^^^^^^^^^^^^^
  File "C:\Program Files\WindowsApps\PythonSoftwareFoundation.Python.3.13_3.13.2544.0_x64__qbz5n2kfra8p0\Lib\encodings\cp1251.py", line 19, in encode
    return codecs.charmap_encode(input,self.errors,encoding_table)[0]
           ~~~~~~~~~~~~~~~~~~~~~^^^^^^^^^^^^^^^^^^^^^^^^^^^^^^^^^^
UnicodeEncodeError: 'charmap' codec can't encode character '\u2705' in position 2: character maps to <undefined>
